// Jest Snapshot v1, https://goo.gl/fbAQLP

exports[`LandingPage Component rendered successfully 1`] = `
<div>
  <div>
    <button
      class="ui right floated button"
      type="submit"
    >
      Sign-out
    </button>
    <h1
      class="ui center aligned header"
    >
      Welcome
       
      test
    </h1>
    <div
      class="ui center aligned container"
    >
      <div
        class="addbutton"
      >
        <button
          class="ui button"
        >
          Add Colleague
        </button>
      </div>
      <div
        class="viewbutton"
      >
        <button
          class="ui button"
        >
          View Colleague
        </button>
      </div>
    </div>
  </div>
</div>
`;
