// Jest Snapshot v1, https://goo.gl/fbAQLP

exports[`Login Component rendered successfully 1`] = `
<div>
  <div>
    <h1>
      Login Page
    </h1>
    <div>
      <form
        class="ui form"
      >
        <div
          class="field"
        >
          <div
            class="ui input"
          >
            <input
              id="username"
              label="Username"
              placeholder="Username"
              required=""
              type="text"
              value=""
            />
          </div>
        </div>
        <div
          class="field"
        >
          <input
            label="Password"
            placeholder="Password"
            required=""
            type="password"
            value=""
          />
        </div>
        <button
          class="ui button"
          type="submit"
        >
          Submit
        </button>
      </form>
    </div>
  </div>
</div>
`;
