// Jest Snapshot v1, https://goo.gl/fbAQLP

exports[`ViewColleaguePage Rendered ViewColleaguePageSuccessfully 1`] = `
<div>
  <div>
    <h1
      class="ui center aligned header"
    >
      Colleague Information
      <div
        class="ui divider"
      />
      <table
        class="ui compact table"
      >
        <thead
          class=""
        >
          <tr
            class=""
          >
            <th
              class=""
            >
              Employee
            </th>
            <th
              class=""
            >
              Job Title
            </th>
            <th
              class=""
            >
              Contact
            </th>
          </tr>
        </thead>
        <tbody
          class=""
        >
          <tr
            class=""
          >
            <td
              class=""
            >
              Abc
            </td>
            <td
              class=""
            >
              Engineer
            </td>
            <td
              class=""
            >
              12345
            </td>
          </tr>
        </tbody>
      </table>
    </h1>
  </div>
</div>
`;
